<?xml version="1.0" encoding="ISO-8859-1" ?>
<link_info>
   <banner>TI ARM Linker PC v20.2.1.LTS</banner>
   <copyright>Copyright (c) 1996-2018 Texas Instruments Incorporated</copyright>
   <link_time>0x5fd3d48f</link_time>
   <link_errors>0x0</link_errors>
   <output_file>F20_proj3.out</output_file>
   <entry_point>
      <name>_c_int00_noargs</name>
      <address>0x14c11</address>
   </entry_point>
   <input_file_list>
      <input_file id="fl-2">
         <path>.\</path>
         <kind>object</kind>
         <file>F20_proj3_Main.obj</file>
         <name>F20_proj3_Main.obj</name>
      </input_file>
      <input_file id="fl-3">
         <path>.\</path>
         <kind>object</kind>
         <file>Game_over.obj</file>
         <name>Game_over.obj</name>
      </input_file>
      <input_file id="fl-4">
         <path>.\</path>
         <kind>object</kind>
         <file>high_score.obj</file>
         <name>high_score.obj</name>
      </input_file>
      <input_file id="fl-5">
         <path>.\</path>
         <kind>object</kind>
         <file>menu_image.obj</file>
         <name>menu_image.obj</name>
      </input_file>
      <input_file id="fl-6">
         <path>.\</path>
         <kind>object</kind>
         <file>system_msp432p401r.obj</file>
         <name>system_msp432p401r.obj</name>
      </input_file>
      <input_file id="fl-7">
         <path>.\</path>
         <kind>object</kind>
         <file>title_image.obj</file>
         <name>title_image.obj</name>
      </input_file>
      <input_file id="fl-8">
         <path>.\HAL\</path>
         <kind>object</kind>
         <file>ADC_HAL.obj</file>
         <name>ADC_HAL.obj</name>
      </input_file>
      <input_file id="fl-9">
         <path>.\HAL\</path>
         <kind>object</kind>
         <file>Button.obj</file>
         <name>Button.obj</name>
      </input_file>
      <input_file id="fl-a">
         <path>.\HAL\</path>
         <kind>object</kind>
         <file>Graphics.obj</file>
         <name>Graphics.obj</name>
      </input_file>
      <input_file id="fl-b">
         <path>.\HAL\</path>
         <kind>object</kind>
         <file>HAL.obj</file>
         <name>HAL.obj</name>
      </input_file>
      <input_file id="fl-c">
         <path>.\HAL\</path>
         <kind>object</kind>
         <file>LED.obj</file>
         <name>LED.obj</name>
      </input_file>
      <input_file id="fl-d">
         <path>.\HAL\</path>
         <kind>object</kind>
         <file>Timer.obj</file>
         <name>Timer.obj</name>
      </input_file>
      <input_file id="fl-e">
         <path>.\HAL\</path>
         <kind>object</kind>
         <file>UART.obj</file>
         <name>UART.obj</name>
      </input_file>
      <input_file id="fl-f">
         <path>.\HAL\LcdDriver\</path>
         <kind>object</kind>
         <file>Crystalfontz128x128_ST7735.obj</file>
         <name>Crystalfontz128x128_ST7735.obj</name>
      </input_file>
      <input_file id="fl-10">
         <path>.\HAL\LcdDriver\</path>
         <kind>object</kind>
         <file>HAL_MSP_EXP432P401R_Crystalfontz128x128_ST7735.obj</file>
         <name>HAL_MSP_EXP432P401R_Crystalfontz128x128_ST7735.obj</name>
      </input_file>
      <input_file id="fl-11">
         <path>.\ccs\</path>
         <kind>object</kind>
         <file>startup_msp432p401r_ccs.obj</file>
         <name>startup_msp432p401r_ccs.obj</name>
      </input_file>
      <input_file id="fl-1b">
         <kind>object</kind>
         <file>&lt;internal&gt;</file>
         <name>&lt;internal&gt;</name>
      </input_file>
      <input_file id="fl-1c">
         <path>C:\ti\simplelink_msp432p4_sdk_3_40_01_02\source\ti\grlib\lib\ccs\m4f\</path>
         <kind>archive</kind>
         <file>grlib.a</file>
         <name>circle.obj</name>
      </input_file>
      <input_file id="fl-1d">
         <path>C:\ti\simplelink_msp432p4_sdk_3_40_01_02\source\ti\grlib\lib\ccs\m4f\</path>
         <kind>archive</kind>
         <file>grlib.a</file>
         <name>context.obj</name>
      </input_file>
      <input_file id="fl-1e">
         <path>C:\ti\simplelink_msp432p4_sdk_3_40_01_02\source\ti\grlib\lib\ccs\m4f\</path>
         <kind>archive</kind>
         <file>grlib.a</file>
         <name>display.obj</name>
      </input_file>
      <input_file id="fl-1f">
         <path>C:\ti\simplelink_msp432p4_sdk_3_40_01_02\source\ti\grlib\lib\ccs\m4f\</path>
         <kind>archive</kind>
         <file>grlib.a</file>
         <name>fontfixed6x8.obj</name>
      </input_file>
      <input_file id="fl-20">
         <path>C:\ti\simplelink_msp432p4_sdk_3_40_01_02\source\ti\grlib\lib\ccs\m4f\</path>
         <kind>archive</kind>
         <file>grlib.a</file>
         <name>image.obj</name>
      </input_file>
      <input_file id="fl-21">
         <path>C:\ti\simplelink_msp432p4_sdk_3_40_01_02\source\ti\grlib\lib\ccs\m4f\</path>
         <kind>archive</kind>
         <file>grlib.a</file>
         <name>line.obj</name>
      </input_file>
      <input_file id="fl-22">
         <path>C:\ti\simplelink_msp432p4_sdk_3_40_01_02\source\ti\grlib\lib\ccs\m4f\</path>
         <kind>archive</kind>
         <file>grlib.a</file>
         <name>string.obj</name>
      </input_file>
      <input_file id="fl-23">
         <path>C:\ti\simplelink_msp432p4_sdk_3_40_01_02\source\ti\devices\msp432p4xx\driverlib\ccs\</path>
         <kind>archive</kind>
         <file>msp432p4xx_driverlib.lib</file>
         <name>adc14.o</name>
      </input_file>
      <input_file id="fl-24">
         <path>C:\ti\simplelink_msp432p4_sdk_3_40_01_02\source\ti\devices\msp432p4xx\driverlib\ccs\</path>
         <kind>archive</kind>
         <file>msp432p4xx_driverlib.lib</file>
         <name>cs.o</name>
      </input_file>
      <input_file id="fl-25">
         <path>C:\ti\simplelink_msp432p4_sdk_3_40_01_02\source\ti\devices\msp432p4xx\driverlib\ccs\</path>
         <kind>archive</kind>
         <file>msp432p4xx_driverlib.lib</file>
         <name>flash.o</name>
      </input_file>
      <input_file id="fl-26">
         <path>C:\ti\simplelink_msp432p4_sdk_3_40_01_02\source\ti\devices\msp432p4xx\driverlib\ccs\</path>
         <kind>archive</kind>
         <file>msp432p4xx_driverlib.lib</file>
         <name>gpio.o</name>
      </input_file>
      <input_file id="fl-27">
         <path>C:\ti\simplelink_msp432p4_sdk_3_40_01_02\source\ti\devices\msp432p4xx\driverlib\ccs\</path>
         <kind>archive</kind>
         <file>msp432p4xx_driverlib.lib</file>
         <name>interrupt.o</name>
      </input_file>
      <input_file id="fl-28">
         <path>C:\ti\simplelink_msp432p4_sdk_3_40_01_02\source\ti\devices\msp432p4xx\driverlib\ccs\</path>
         <kind>archive</kind>
         <file>msp432p4xx_driverlib.lib</file>
         <name>spi.o</name>
      </input_file>
      <input_file id="fl-29">
         <path>C:\ti\simplelink_msp432p4_sdk_3_40_01_02\source\ti\devices\msp432p4xx\driverlib\ccs\</path>
         <kind>archive</kind>
         <file>msp432p4xx_driverlib.lib</file>
         <name>sysctl.o</name>
      </input_file>
      <input_file id="fl-2a">
         <path>C:\ti\simplelink_msp432p4_sdk_3_40_01_02\source\ti\devices\msp432p4xx\driverlib\ccs\</path>
         <kind>archive</kind>
         <file>msp432p4xx_driverlib.lib</file>
         <name>sysctl_a.o</name>
      </input_file>
      <input_file id="fl-2b">
         <path>C:\ti\simplelink_msp432p4_sdk_3_40_01_02\source\ti\devices\msp432p4xx\driverlib\ccs\</path>
         <kind>archive</kind>
         <file>msp432p4xx_driverlib.lib</file>
         <name>timer32.o</name>
      </input_file>
      <input_file id="fl-2c">
         <path>C:\ti\simplelink_msp432p4_sdk_3_40_01_02\source\ti\devices\msp432p4xx\driverlib\ccs\</path>
         <kind>archive</kind>
         <file>msp432p4xx_driverlib.lib</file>
         <name>uart.o</name>
      </input_file>
      <input_file id="fl-2d">
         <path>C:\ti\simplelink_msp432p4_sdk_3_40_01_02\source\ti\devices\msp432p4xx\driverlib\ccs\</path>
         <kind>archive</kind>
         <file>msp432p4xx_driverlib.lib</file>
         <name>wdt_a.o</name>
      </input_file>
      <input_file id="fl-2e">
         <path>C:\ti\simplelink_msp432p4_sdk_3_40_01_02\source\ti\devices\msp432p4xx\driverlib\ccs\</path>
         <kind>archive</kind>
         <file>msp432p4xx_driverlib.lib</file>
         <name>cpu.o</name>
      </input_file>
      <input_file id="fl-e4">
         <path>C:\ti\ccs1010\ccs\tools\compiler\ti-cgt-arm_20.2.1.LTS\lib\</path>
         <kind>archive</kind>
         <file>rtsv7M4_T_le_v4SPD16_eabi.lib</file>
         <name>e_pow.c.obj</name>
      </input_file>
      <input_file id="fl-e5">
         <path>C:\ti\ccs1010\ccs\tools\compiler\ti-cgt-arm_20.2.1.LTS\lib\</path>
         <kind>archive</kind>
         <file>rtsv7M4_T_le_v4SPD16_eabi.lib</file>
         <name>e_sqrt.c.obj</name>
      </input_file>
      <input_file id="fl-e6">
         <path>C:\ti\ccs1010\ccs\tools\compiler\ti-cgt-arm_20.2.1.LTS\lib\</path>
         <kind>archive</kind>
         <file>rtsv7M4_T_le_v4SPD16_eabi.lib</file>
         <name>s_scalbn.c.obj</name>
      </input_file>
      <input_file id="fl-e7">
         <path>C:\ti\ccs1010\ccs\tools\compiler\ti-cgt-arm_20.2.1.LTS\lib\</path>
         <kind>archive</kind>
         <file>rtsv7M4_T_le_v4SPD16_eabi.lib</file>
         <name>snprintf.c.obj</name>
      </input_file>
      <input_file id="fl-e8">
         <path>C:\ti\ccs1010\ccs\tools\compiler\ti-cgt-arm_20.2.1.LTS\lib\</path>
         <kind>archive</kind>
         <file>rtsv7M4_T_le_v4SPD16_eabi.lib</file>
         <name>fd_add_t2.asm.obj</name>
      </input_file>
      <input_file id="fl-e9">
         <path>C:\ti\ccs1010\ccs\tools\compiler\ti-cgt-arm_20.2.1.LTS\lib\</path>
         <kind>archive</kind>
         <file>rtsv7M4_T_le_v4SPD16_eabi.lib</file>
         <name>fd_cmp_t2.asm.obj</name>
      </input_file>
      <input_file id="fl-ea">
         <path>C:\ti\ccs1010\ccs\tools\compiler\ti-cgt-arm_20.2.1.LTS\lib\</path>
         <kind>archive</kind>
         <file>rtsv7M4_T_le_v4SPD16_eabi.lib</file>
         <name>fd_div_t2.asm.obj</name>
      </input_file>
      <input_file id="fl-eb">
         <path>C:\ti\ccs1010\ccs\tools\compiler\ti-cgt-arm_20.2.1.LTS\lib\</path>
         <kind>archive</kind>
         <file>rtsv7M4_T_le_v4SPD16_eabi.lib</file>
         <name>fd_mul_t2.asm.obj</name>
      </input_file>
      <input_file id="fl-ec">
         <path>C:\ti\ccs1010\ccs\tools\compiler\ti-cgt-arm_20.2.1.LTS\lib\</path>
         <kind>archive</kind>
         <file>rtsv7M4_T_le_v4SPD16_eabi.lib</file>
         <name>i_tofd_t2.asm.obj</name>
      </input_file>
      <input_file id="fl-ed">
         <path>C:\ti\ccs1010\ccs\tools\compiler\ti-cgt-arm_20.2.1.LTS\lib\</path>
         <kind>archive</kind>
         <file>rtsv7M4_T_le_v4SPD16_eabi.lib</file>
         <name>ll_mul_t2.asm.obj</name>
      </input_file>
      <input_file id="fl-ee">
         <path>C:\ti\ccs1010\ccs\tools\compiler\ti-cgt-arm_20.2.1.LTS\lib\</path>
         <kind>archive</kind>
         <file>rtsv7M4_T_le_v4SPD16_eabi.lib</file>
         <name>memcpy_t2.asm.obj</name>
      </input_file>
      <input_file id="fl-ef">
         <path>C:\ti\ccs1010\ccs\tools\compiler\ti-cgt-arm_20.2.1.LTS\lib\</path>
         <kind>archive</kind>
         <file>rtsv7M4_T_le_v4SPD16_eabi.lib</file>
         <name>ull_div_t2.asm.obj</name>
      </input_file>
      <input_file id="fl-f0">
         <path>C:\ti\ccs1010\ccs\tools\compiler\ti-cgt-arm_20.2.1.LTS\lib\</path>
         <kind>archive</kind>
         <file>rtsv7M4_T_le_v4SPD16_eabi.lib</file>
         <name>copy_zero_init.c.obj</name>
      </input_file>
      <input_file id="fl-f1">
         <path>C:\ti\ccs1010\ccs\tools\compiler\ti-cgt-arm_20.2.1.LTS\lib\</path>
         <kind>archive</kind>
         <file>rtsv7M4_T_le_v4SPD16_eabi.lib</file>
         <name>copy_decompress_none.c.obj</name>
      </input_file>
      <input_file id="fl-f2">
         <path>C:\ti\ccs1010\ccs\tools\compiler\ti-cgt-arm_20.2.1.LTS\lib\</path>
         <kind>archive</kind>
         <file>rtsv7M4_T_le_v4SPD16_eabi.lib</file>
         <name>copy_decompress_lzss.c.obj</name>
      </input_file>
      <input_file id="fl-f3">
         <path>C:\ti\ccs1010\ccs\tools\compiler\ti-cgt-arm_20.2.1.LTS\lib\</path>
         <kind>archive</kind>
         <file>rtsv7M4_T_le_v4SPD16_eabi.lib</file>
         <name>errno.c.obj</name>
      </input_file>
      <input_file id="fl-f4">
         <path>C:\ti\ccs1010\ccs\tools\compiler\ti-cgt-arm_20.2.1.LTS\lib\</path>
         <kind>archive</kind>
         <file>rtsv7M4_T_le_v4SPD16_eabi.lib</file>
         <name>boot_cortex_m.c.obj</name>
      </input_file>
      <input_file id="fl-f5">
         <path>C:\ti\ccs1010\ccs\tools\compiler\ti-cgt-arm_20.2.1.LTS\lib\</path>
         <kind>archive</kind>
         <file>rtsv7M4_T_le_v4SPD16_eabi.lib</file>
         <name>s_copysign.c.obj</name>
      </input_file>
      <input_file id="fl-f6">
         <path>C:\ti\ccs1010\ccs\tools\compiler\ti-cgt-arm_20.2.1.LTS\lib\</path>
         <kind>archive</kind>
         <file>rtsv7M4_T_le_v4SPD16_eabi.lib</file>
         <name>_printfi.c.obj</name>
      </input_file>
      <input_file id="fl-f7">
         <path>C:\ti\ccs1010\ccs\tools\compiler\ti-cgt-arm_20.2.1.LTS\lib\</path>
         <kind>archive</kind>
         <file>rtsv7M4_T_le_v4SPD16_eabi.lib</file>
         <name>div0.asm.obj</name>
      </input_file>
      <input_file id="fl-f8">
         <path>C:\ti\ccs1010\ccs\tools\compiler\ti-cgt-arm_20.2.1.LTS\lib\</path>
         <kind>archive</kind>
         <file>rtsv7M4_T_le_v4SPD16_eabi.lib</file>
         <name>memset_t2.asm.obj</name>
      </input_file>
      <input_file id="fl-f9">
         <path>C:\ti\ccs1010\ccs\tools\compiler\ti-cgt-arm_20.2.1.LTS\lib\</path>
         <kind>archive</kind>
         <file>rtsv7M4_T_le_v4SPD16_eabi.lib</file>
         <name>fd_toi_t2.asm.obj</name>
      </input_file>
      <input_file id="fl-fa">
         <path>C:\ti\ccs1010\ccs\tools\compiler\ti-cgt-arm_20.2.1.LTS\lib\</path>
         <kind>archive</kind>
         <file>rtsv7M4_T_le_v4SPD16_eabi.lib</file>
         <name>autoinit.c.obj</name>
      </input_file>
      <input_file id="fl-fb">
         <path>C:\ti\ccs1010\ccs\tools\compiler\ti-cgt-arm_20.2.1.LTS\lib\</path>
         <kind>archive</kind>
         <file>rtsv7M4_T_le_v4SPD16_eabi.lib</file>
         <name>pre_init.c.obj</name>
      </input_file>
      <input_file id="fl-fc">
         <path>C:\ti\ccs1010\ccs\tools\compiler\ti-cgt-arm_20.2.1.LTS\lib\</path>
         <kind>archive</kind>
         <file>rtsv7M4_T_le_v4SPD16_eabi.lib</file>
         <name>cpy_tbl.c.obj</name>
      </input_file>
      <input_file id="fl-fd">
         <path>C:\ti\ccs1010\ccs\tools\compiler\ti-cgt-arm_20.2.1.LTS\lib\</path>
         <kind>archive</kind>
         <file>rtsv7M4_T_le_v4SPD16_eabi.lib</file>
         <name>exit.c.obj</name>
      </input_file>
      <input_file id="fl-fe">
         <path>C:\ti\ccs1010\ccs\tools\compiler\ti-cgt-arm_20.2.1.LTS\lib\</path>
         <kind>archive</kind>
         <file>rtsv7M4_T_le_v4SPD16_eabi.lib</file>
         <name>_lock.c.obj</name>
      </input_file>
      <input_file id="fl-ff">
         <path>C:\ti\ccs1010\ccs\tools\compiler\ti-cgt-arm_20.2.1.LTS\lib\</path>
         <kind>archive</kind>
         <file>rtsv7M4_T_le_v4SPD16_eabi.lib</file>
         <name>_ltoa.c.obj</name>
      </input_file>
      <input_file id="fl-100">
         <path>C:\ti\ccs1010\ccs\tools\compiler\ti-cgt-arm_20.2.1.LTS\lib\</path>
         <kind>archive</kind>
         <file>rtsv7M4_T_le_v4SPD16_eabi.lib</file>
         <name>args_main.c.obj</name>
      </input_file>
      <input_file id="fl-101">
         <path>C:\ti\ccs1010\ccs\tools\compiler\ti-cgt-arm_20.2.1.LTS\lib\</path>
         <kind>archive</kind>
         <file>rtsv7M4_T_le_v4SPD16_eabi.lib</file>
         <name>atoi.c.obj</name>
      </input_file>
      <input_file id="fl-102">
         <path>C:\ti\ccs1010\ccs\tools\compiler\ti-cgt-arm_20.2.1.LTS\lib\</path>
         <kind>archive</kind>
         <file>rtsv7M4_T_le_v4SPD16_eabi.lib</file>
         <name>ctype.c.obj</name>
      </input_file>
      <input_file id="fl-103">
         <path>C:\ti\ccs1010\ccs\tools\compiler\ti-cgt-arm_20.2.1.LTS\lib\</path>
         <kind>archive</kind>
         <file>rtsv7M4_T_le_v4SPD16_eabi.lib</file>
         <name>memccpy.c.obj</name>
      </input_file>
      <input_file id="fl-104">
         <path>C:\ti\ccs1010\ccs\tools\compiler\ti-cgt-arm_20.2.1.LTS\lib\</path>
         <kind>archive</kind>
         <file>rtsv7M4_T_le_v4SPD16_eabi.lib</file>
         <name>strchr.c.obj</name>
      </input_file>
      <input_file id="fl-105">
         <path>C:\ti\ccs1010\ccs\tools\compiler\ti-cgt-arm_20.2.1.LTS\lib\</path>
         <kind>archive</kind>
         <file>rtsv7M4_T_le_v4SPD16_eabi.lib</file>
         <name>strlen.c.obj</name>
      </input_file>
      <input_file id="fl-106">
         <path>C:\ti\ccs1010\ccs\tools\compiler\ti-cgt-arm_20.2.1.LTS\lib\</path>
         <kind>archive</kind>
         <file>rtsv7M4_T_le_v4SPD16_eabi.lib</file>
         <name>s_frexp.c.obj</name>
      </input_file>
      <input_file id="fl-107">
         <path>C:\ti\ccs1010\ccs\tools\compiler\ti-cgt-arm_20.2.1.LTS\lib\</path>
         <kind>archive</kind>
         <file>rtsv7M4_T_le_v4SPD16_eabi.lib</file>
         <name>wcslen.c.obj</name>
      </input_file>
   </input_file_list>
   <object_component_list>
      <object_component id="oc-26">
         <name>.intvecs:retain</name>
         <load_address>0x0</load_address>
         <run_address>0x0</run_address>
         <size>0xe4</size>
         <input_file_ref idref="fl-11"/>
      </object_component>
      <object_component id="oc-570">
         <name>.text:__TI_printfi</name>
         <load_address>0xe91c</load_address>
         <run_address>0xe91c</run_address>
         <size>0xa4e</size>
         <input_file_ref idref="fl-f6"/>
      </object_component>
      <object_component id="oc-6d">
         <name>.text:Default_Handler</name>
         <load_address>0xf36a</load_address>
         <run_address>0xf36a</run_address>
         <size>0x2</size>
         <input_file_ref idref="fl-11"/>
      </object_component>
      <object_component id="oc-5ad">
         <name>.text:pow</name>
         <load_address>0xf36c</load_address>
         <run_address>0xf36c</run_address>
         <size>0x9c0</size>
         <input_file_ref idref="fl-e4"/>
      </object_component>
      <object_component id="oc-382">
         <name>.text:Graphics_drawString</name>
         <load_address>0xfd2c</load_address>
         <run_address>0xfd2c</run_address>
         <size>0x47e</size>
         <input_file_ref idref="fl-22"/>
      </object_component>
      <object_component id="oc-51e">
         <name>.text</name>
         <load_address>0x101aa</load_address>
         <run_address>0x101aa</run_address>
         <size>0x2</size>
         <input_file_ref idref="fl-f7"/>
      </object_component>
      <object_component id="oc-42c">
         <name>.text:circlecollide</name>
         <load_address>0x101ac</load_address>
         <run_address>0x101ac</run_address>
         <size>0x404</size>
         <input_file_ref idref="fl-2"/>
      </object_component>
      <object_component id="oc-1f7">
         <name>.text:Graphics_drawImage</name>
         <load_address>0x105b0</load_address>
         <run_address>0x105b0</run_address>
         <size>0x390</size>
         <input_file_ref idref="fl-20"/>
      </object_component>
      <object_component id="oc-21f">
         <name>.text:Application_handleGameScreen</name>
         <load_address>0x10940</load_address>
         <run_address>0x10940</run_address>
         <size>0x279</size>
         <input_file_ref idref="fl-2"/>
      </object_component>
      <object_component id="oc-66b">
         <name>.text:_pconv_a</name>
         <load_address>0x10bbc</load_address>
         <run_address>0x10bbc</run_address>
         <size>0x270</size>
         <input_file_ref idref="fl-f6"/>
      </object_component>
      <object_component id="oc-426">
         <name>.text:random</name>
         <load_address>0x10e2c</load_address>
         <run_address>0x10e2c</run_address>
         <size>0x268</size>
         <input_file_ref idref="fl-2"/>
      </object_component>
      <object_component id="oc-3bd">
         <name>.text:Application_showHowToPlayScreen</name>
         <load_address>0x11094</load_address>
         <run_address>0x11094</run_address>
         <size>0x260</size>
         <input_file_ref idref="fl-2"/>
      </object_component>
      <object_component id="oc-3d8">
         <name>.text:Graphics_fillCircle</name>
         <load_address>0x112f4</load_address>
         <run_address>0x112f4</run_address>
         <size>0x22a</size>
         <input_file_ref idref="fl-1c"/>
      </object_component>
      <object_component id="oc-4ec">
         <name>.text:Crystalfontz128x128_PixelDrawMultiple</name>
         <load_address>0x1151e</load_address>
         <run_address>0x1151e</run_address>
         <size>0x1d8</size>
         <input_file_ref idref="fl-f"/>
      </object_component>
      <object_component id="oc-659">
         <name>.text:_pconv_g</name>
         <load_address>0x116f8</load_address>
         <run_address>0x116f8</run_address>
         <size>0x1d0</size>
         <input_file_ref idref="fl-f6"/>
      </object_component>
      <object_component id="oc-5b3">
         <name>.text</name>
         <load_address>0x118c8</load_address>
         <run_address>0x118c8</run_address>
         <size>0x1b6</size>
         <input_file_ref idref="fl-e8"/>
      </object_component>
      <object_component id="oc-188">
         <name>.text:CS_setDCOFrequency</name>
         <load_address>0x11a80</load_address>
         <run_address>0x11a80</run_address>
         <size>0x19c</size>
         <input_file_ref idref="fl-24"/>
      </object_component>
      <object_component id="oc-433">
         <name>.text:highscore</name>
         <load_address>0x11c1c</load_address>
         <run_address>0x11c1c</run_address>
         <size>0x188</size>
         <input_file_ref idref="fl-2"/>
      </object_component>
      <object_component id="oc-496">
         <name>.text:_getIndexForMemRegister</name>
         <load_address>0x11da4</load_address>
         <run_address>0x11da4</run_address>
         <size>0x160</size>
         <input_file_ref idref="fl-23"/>
      </object_component>
      <object_component id="oc-69a">
         <name>.text:sqrt</name>
         <load_address>0x11f04</load_address>
         <run_address>0x11f04</run_address>
         <size>0x158</size>
         <input_file_ref idref="fl-e5"/>
      </object_component>
      <object_component id="oc-f2">
         <name>.text:Application_construct</name>
         <load_address>0x1205c</load_address>
         <run_address>0x1205c</run_address>
         <size>0x144</size>
         <input_file_ref idref="fl-2"/>
      </object_component>
      <object_component id="oc-20d">
         <name>.text:Application_handleMenuScreen</name>
         <load_address>0x121a0</load_address>
         <run_address>0x121a0</run_address>
         <size>0x142</size>
         <input_file_ref idref="fl-2"/>
      </object_component>
      <object_component id="oc-665">
         <name>.text:_pconv_e</name>
         <load_address>0x122e4</load_address>
         <run_address>0x122e4</run_address>
         <size>0x13c</size>
         <input_file_ref idref="fl-f6"/>
      </object_component>
      <object_component id="oc-695">
         <name>.text</name>
         <load_address>0x12420</load_address>
         <run_address>0x12420</run_address>
         <size>0x136</size>
         <input_file_ref idref="fl-ea"/>
      </object_component>
      <object_component id="oc-4c9">
         <name>.text:Crystalfontz128x128_SetDrawFrame</name>
         <load_address>0x12558</load_address>
         <run_address>0x12558</run_address>
         <size>0x134</size>
         <input_file_ref idref="fl-f"/>
      </object_component>
      <object_component id="oc-18e">
         <name>.text:CS_initClockSignal</name>
         <load_address>0x1268c</load_address>
         <run_address>0x1268c</run_address>
         <size>0x130</size>
         <input_file_ref idref="fl-24"/>
      </object_component>
      <object_component id="oc-319">
         <name>.text:Crystalfontz128x128_Init</name>
         <load_address>0x127bc</load_address>
         <run_address>0x127bc</run_address>
         <size>0x12c</size>
         <input_file_ref idref="fl-f"/>
      </object_component>
      <object_component id="oc-70d">
         <name>.text:fcvt</name>
         <load_address>0x128e8</load_address>
         <run_address>0x128e8</run_address>
         <size>0x124</size>
         <input_file_ref idref="fl-f6"/>
      </object_component>
      <object_component id="oc-6ad">
         <name>.text:scalbn</name>
         <load_address>0x12a0c</load_address>
         <run_address>0x12a0c</run_address>
         <size>0x110</size>
         <input_file_ref idref="fl-e6"/>
      </object_component>
      <object_component id="oc-232">
         <name>.text:Joystick_refresh</name>
         <load_address>0x12b1c</load_address>
         <run_address>0x12b1c</run_address>
         <size>0xfe</size>
         <input_file_ref idref="fl-8"/>
      </object_component>
      <object_component id="oc-6a0">
         <name>.text</name>
         <load_address>0x12c1a</load_address>
         <run_address>0x12c1a</run_address>
         <size>0xfc</size>
         <input_file_ref idref="fl-eb"/>
      </object_component>
      <object_component id="oc-5bd">
         <name>.text:Application_showResultScreen</name>
         <load_address>0x12d18</load_address>
         <run_address>0x12d18</run_address>
         <size>0xf0</size>
         <input_file_ref idref="fl-2"/>
      </object_component>
      <object_component id="oc-22c">
         <name>.text:Button_refresh</name>
         <load_address>0x12e08</load_address>
         <run_address>0x12e08</run_address>
         <size>0xe6</size>
         <input_file_ref idref="fl-9"/>
      </object_component>
      <object_component id="oc-225">
         <name>.text:Application_handleResultScreen</name>
         <load_address>0x12eee</load_address>
         <run_address>0x12eee</run_address>
         <size>0xc2</size>
         <input_file_ref idref="fl-2"/>
      </object_component>
      <object_component id="oc-398">
         <name>.text:Application_showMenuScreen</name>
         <load_address>0x12fb0</load_address>
         <run_address>0x12fb0</run_address>
         <size>0xbc</size>
         <input_file_ref idref="fl-2"/>
      </object_component>
      <object_component id="oc-ec">
         <name>.text:HAL_construct</name>
         <load_address>0x1306c</load_address>
         <run_address>0x1306c</run_address>
         <size>0xb6</size>
         <input_file_ref idref="fl-b"/>
      </object_component>
      <object_component id="oc-4a1">
         <name>.text:ADC14_configureConversionMemory</name>
         <load_address>0x13124</load_address>
         <run_address>0x13124</run_address>
         <size>0xb4</size>
         <input_file_ref idref="fl-23"/>
      </object_component>
      <object_component id="oc-2f1">
         <name>.text:ADC14_configureMultiSequenceMode</name>
         <load_address>0x131d8</load_address>
         <run_address>0x131d8</run_address>
         <size>0xb4</size>
         <input_file_ref idref="fl-23"/>
      </object_component>
      <object_component id="oc-653">
         <name>.text:_ltostr</name>
         <load_address>0x1328c</load_address>
         <run_address>0x1328c</run_address>
         <size>0xb1</size>
         <input_file_ref idref="fl-f6"/>
      </object_component>
      <object_component id="oc-3b7">
         <name>.text:Application_showHighScoresScreen</name>
         <load_address>0x13340</load_address>
         <run_address>0x13340</run_address>
         <size>0xb0</size>
         <input_file_ref idref="fl-2"/>
      </object_component>
      <object_component id="oc-5ef">
         <name>.text:SPI_initMaster</name>
         <load_address>0x133f0</load_address>
         <run_address>0x133f0</run_address>
         <size>0xb0</size>
         <input_file_ref idref="fl-28"/>
      </object_component>
      <object_component id="oc-5a1">
         <name>.text:storecircle</name>
         <load_address>0x134a0</load_address>
         <run_address>0x134a0</run_address>
         <size>0xa2</size>
         <input_file_ref idref="fl-2"/>
      </object_component>
      <object_component id="oc-4fe">
         <name>.text:Crystalfontz128x128_RectFill</name>
         <load_address>0x13542</load_address>
         <run_address>0x13542</run_address>
         <size>0x9c</size>
         <input_file_ref idref="fl-f"/>
      </object_component>
      <object_component id="oc-54d">
         <name>.text:Graphics_drawLineH</name>
         <load_address>0x135de</load_address>
         <run_address>0x135de</run_address>
         <size>0x9c</size>
         <input_file_ref idref="fl-21"/>
      </object_component>
      <object_component id="oc-37">
         <name>.text</name>
         <load_address>0x1367a</load_address>
         <run_address>0x1367a</run_address>
         <size>0x9c</size>
         <input_file_ref idref="fl-ee"/>
      </object_component>
      <object_component id="oc-341">
         <name>.text</name>
         <load_address>0x13716</load_address>
         <run_address>0x13716</run_address>
         <size>0x96</size>
         <input_file_ref idref="fl-ef"/>
      </object_component>
      <object_component id="oc-2c0">
         <name>.text:SysCtl_A_getTLVInfo</name>
         <load_address>0x137ac</load_address>
         <run_address>0x137ac</run_address>
         <size>0x94</size>
         <input_file_ref idref="fl-2a"/>
      </object_component>
      <object_component id="oc-219">
         <name>.text:Application_handleHighScoresScreen</name>
         <load_address>0x13840</load_address>
         <run_address>0x13840</run_address>
         <size>0x8d</size>
         <input_file_ref idref="fl-2"/>
      </object_component>
      <object_component id="oc-2cc">
         <name>.text:CS_tuneDCOFrequency</name>
         <load_address>0x138d0</load_address>
         <run_address>0x138d0</run_address>
         <size>0x88</size>
         <input_file_ref idref="fl-24"/>
      </object_component>
      <object_component id="oc-4a7">
         <name>.text:GPIO_setAsPeripheralModuleFunctionInputPin</name>
         <load_address>0x13958</load_address>
         <run_address>0x13958</run_address>
         <size>0x88</size>
         <input_file_ref idref="fl-26"/>
      </object_component>
      <object_component id="oc-5e8">
         <name>.text:GPIO_setAsPeripheralModuleFunctionOutputPin</name>
         <load_address>0x139e0</load_address>
         <run_address>0x139e0</run_address>
         <size>0x88</size>
         <input_file_ref idref="fl-26"/>
      </object_component>
      <object_component id="oc-5b8">
         <name>.text:__aeabi_cdcmple</name>
         <load_address>0x13a68</load_address>
         <run_address>0x13a68</run_address>
         <size>0x86</size>
         <input_file_ref idref="fl-e9"/>
      </object_component>
      <object_component id="oc-6a8">
         <name>.text:__aeabi_cdrcmple</name>
         <load_address>0x13aee</load_address>
         <run_address>0x13aee</run_address>
         <size>0x86</size>
         <input_file_ref idref="fl-e9"/>
      </object_component>
      <object_component id="oc-1ac">
         <name>.text:Interrupt_enableInterrupt</name>
         <load_address>0x13b74</load_address>
         <run_address>0x13b74</run_address>
         <size>0x80</size>
         <input_file_ref idref="fl-27"/>
      </object_component>
      <object_component id="oc-f8">
         <name>.text:Application_showTitleScreen</name>
         <load_address>0x13bf4</load_address>
         <run_address>0x13bf4</run_address>
         <size>0x7c</size>
         <input_file_ref idref="fl-2"/>
      </object_component>
      <object_component id="oc-3c3">
         <name>.text:Application_showGameScreen</name>
         <load_address>0x13c70</load_address>
         <run_address>0x13c70</run_address>
         <size>0x7b</size>
         <input_file_ref idref="fl-2"/>
      </object_component>
      <object_component id="oc-93">
         <name>.text</name>
         <load_address>0x13cec</load_address>
         <run_address>0x13cec</run_address>
         <size>0x7a</size>
         <input_file_ref idref="fl-f8"/>
      </object_component>
      <object_component id="oc-e6">
         <name>.text:InitSystemTiming</name>
         <load_address>0x13d68</load_address>
         <run_address>0x13d68</run_address>
         <size>0x78</size>
         <input_file_ref idref="fl-d"/>
      </object_component>
      <object_component id="oc-b1">
         <name>.text:SystemInit</name>
         <load_address>0x13de0</load_address>
         <run_address>0x13de0</run_address>
         <size>0x78</size>
         <input_file_ref idref="fl-6"/>
      </object_component>
      <object_component id="oc-706">
         <name>.text:_mcpy</name>
         <load_address>0x13e58</load_address>
         <run_address>0x13e58</run_address>
         <size>0x6e</size>
         <input_file_ref idref="fl-f6"/>
      </object_component>
      <object_component id="oc-362">
         <name>.text:Graphics_convertPalette</name>
         <load_address>0x13ec8</load_address>
         <run_address>0x13ec8</run_address>
         <size>0x6c</size>
         <input_file_ref idref="fl-20"/>
      </object_component>
      <object_component id="oc-fe">
         <name>.text:Application_loop</name>
         <load_address>0x13f34</load_address>
         <run_address>0x13f34</run_address>
         <size>0x68</size>
         <input_file_ref idref="fl-2"/>
      </object_component>
      <object_component id="oc-55b">
         <name>.text:SWTimer_elapsedCycles</name>
         <load_address>0x13f9c</load_address>
         <run_address>0x13f9c</run_address>
         <size>0x68</size>
         <input_file_ref idref="fl-d"/>
      </object_component>
      <object_component id="oc-194">
         <name>.text:Timer32_initModule</name>
         <load_address>0x14004</load_address>
         <run_address>0x14004</run_address>
         <size>0x68</size>
         <input_file_ref idref="fl-2b"/>
      </object_component>
      <object_component id="oc-17">
         <name>.text:decompress:lzss:__TI_decompress_lzss</name>
         <load_address>0x1406c</load_address>
         <run_address>0x1406c</run_address>
         <size>0x68</size>
         <input_file_ref idref="fl-f2"/>
      </object_component>
      <object_component id="oc-71b">
         <name>.text:frexp</name>
         <load_address>0x140d4</load_address>
         <run_address>0x140d4</run_address>
         <size>0x64</size>
         <input_file_ref idref="fl-106"/>
      </object_component>
      <object_component id="oc-4f2">
         <name>.text:Crystalfontz128x128_LineDrawH</name>
         <load_address>0x14138</load_address>
         <run_address>0x14138</run_address>
         <size>0x60</size>
         <input_file_ref idref="fl-f"/>
      </object_component>
      <object_component id="oc-4f8">
         <name>.text:Crystalfontz128x128_LineDrawV</name>
         <load_address>0x14198</load_address>
         <run_address>0x14198</run_address>
         <size>0x60</size>
         <input_file_ref idref="fl-f"/>
      </object_component>
      <object_component id="oc-1b9">
         <name>.text:Button_construct</name>
         <load_address>0x141f8</load_address>
         <run_address>0x141f8</run_address>
         <size>0x5c</size>
         <input_file_ref idref="fl-9"/>
      </object_component>
      <object_component id="oc-1d7">
         <name>.text:GFX_construct</name>
         <load_address>0x14254</load_address>
         <run_address>0x14254</run_address>
         <size>0x5c</size>
         <input_file_ref idref="fl-a"/>
      </object_component>
      <object_component id="oc-175">
         <name>.text:GPIO_setAsInputPinWithPullUpResistor</name>
         <load_address>0x142b0</load_address>
         <run_address>0x142b0</run_address>
         <size>0x58</size>
         <input_file_ref idref="fl-26"/>
      </object_component>
      <object_component id="oc-65f">
         <name>.text:_pconv_f</name>
         <load_address>0x14308</load_address>
         <run_address>0x14308</run_address>
         <size>0x56</size>
         <input_file_ref idref="fl-f6"/>
      </object_component>
      <object_component id="oc-2eb">
         <name>.text:ADC14_initModule</name>
         <load_address>0x14360</load_address>
         <run_address>0x14360</run_address>
         <size>0x54</size>
         <input_file_ref idref="fl-23"/>
      </object_component>
      <object_component id="oc-31f">
         <name>.text:Crystalfontz128x128_SetOrientation</name>
         <load_address>0x143b4</load_address>
         <run_address>0x143b4</run_address>
         <size>0x54</size>
         <input_file_ref idref="fl-f"/>
      </object_component>
      <object_component id="oc-1de">
         <name>.text:SWTimer_construct</name>
         <load_address>0x14408</load_address>
         <run_address>0x14408</run_address>
         <size>0x54</size>
         <input_file_ref idref="fl-d"/>
      </object_component>
      <object_component id="oc-6fa">
         <name>.text:__TI_ltoa</name>
         <load_address>0x1445c</load_address>
         <run_address>0x1445c</run_address>
         <size>0x54</size>
         <input_file_ref idref="fl-ff"/>
      </object_component>
      <object_component id="oc-9f">
         <name>.text:main</name>
         <load_address>0x144b0</load_address>
         <run_address>0x144b0</run_address>
         <size>0x54</size>
         <input_file_ref idref="fl-2"/>
      </object_component>
      <object_component id="oc-1ea">
         <name>.text:Application_initGameVariables</name>
         <load_address>0x14504</load_address>
         <run_address>0x14504</run_address>
         <size>0x52</size>
         <input_file_ref idref="fl-2"/>
      </object_component>
      <object_component id="oc-325">
         <name>.text:Graphics_initContext</name>
         <load_address>0x14556</load_address>
         <run_address>0x14556</run_address>
         <size>0x52</size>
         <input_file_ref idref="fl-1d"/>
      </object_component>
      <object_component id="oc-700">
         <name>.text:_ecpy</name>
         <load_address>0x145a8</load_address>
         <run_address>0x145a8</run_address>
         <size>0x52</size>
         <input_file_ref idref="fl-f6"/>
      </object_component>
      <object_component id="oc-64d">
         <name>.text:atoi</name>
         <load_address>0x145fc</load_address>
         <run_address>0x145fc</run_address>
         <size>0x4c</size>
         <input_file_ref idref="fl-101"/>
      </object_component>
      <object_component id="oc-3cb">
         <name>.text:snprintf</name>
         <load_address>0x14648</load_address>
         <run_address>0x14648</run_address>
         <size>0x4c</size>
         <input_file_ref idref="fl-e7"/>
      </object_component>
      <object_component id="oc-1b3">
         <name>.text:LED_construct</name>
         <load_address>0x14694</load_address>
         <run_address>0x14694</run_address>
         <size>0x4a</size>
         <input_file_ref idref="fl-c"/>
      </object_component>
      <object_component id="oc-182">
         <name>.text:FlashCtl_setWaitState</name>
         <load_address>0x146e0</load_address>
         <run_address>0x146e0</run_address>
         <size>0x48</size>
         <input_file_ref idref="fl-25"/>
      </object_component>
      <object_component id="oc-6f5">
         <name>.text</name>
         <load_address>0x14728</load_address>
         <run_address>0x14728</run_address>
         <size>0x48</size>
         <input_file_ref idref="fl-f9"/>
      </object_component>
      <object_component id="oc-3a5">
         <name>.text:Application_updateMenuScreen</name>
         <load_address>0x14770</load_address>
         <run_address>0x14770</run_address>
         <size>0x46</size>
         <input_file_ref idref="fl-2"/>
      </object_component>
      <object_component id="oc-368">
         <name>.text:Graphics_drawMultiplePixelsOnDisplay</name>
         <load_address>0x147b6</load_address>
         <run_address>0x147b6</run_address>
         <size>0x46</size>
         <input_file_ref idref="fl-1e"/>
      </object_component>
      <object_component id="oc-1c5">
         <name>.text:Joystick_construct</name>
         <load_address>0x147fc</load_address>
         <run_address>0x147fc</run_address>
         <size>0x46</size>
         <input_file_ref idref="fl-8"/>
      </object_component>
      <object_component id="oc-305">
         <name>.text:initAccel</name>
         <load_address>0x14842</load_address>
         <run_address>0x14842</run_address>
         <size>0x46</size>
         <input_file_ref idref="fl-8"/>
      </object_component>
      <object_component id="oc-1fd">
         <name>.text:GFX_print</name>
         <load_address>0x14888</load_address>
         <run_address>0x14888</run_address>
         <size>0x44</size>
         <input_file_ref idref="fl-a"/>
      </object_component>
      <object_component id="oc-12c">
         <name>.text:__TI_auto_init_nobinit_nopinit:__TI_auto_init_nobinit_nopinit</name>
         <load_address>0x148cc</load_address>
         <run_address>0x148cc</run_address>
         <size>0x44</size>
         <input_file_ref idref="fl-fa"/>
      </object_component>
      <object_component id="oc-4e6">
         <name>.text:Crystalfontz128x128_PixelDraw</name>
         <load_address>0x14910</load_address>
         <run_address>0x14910</run_address>
         <size>0x40</size>
         <input_file_ref idref="fl-f"/>
      </object_component>
      <object_component id="oc-16f">
         <name>.text:GPIO_setAsOutputPin</name>
         <load_address>0x14950</load_address>
         <run_address>0x14950</run_address>
         <size>0x40</size>
         <input_file_ref idref="fl-26"/>
      </object_component>
      <object_component id="oc-547">
         <name>.text:Graphics_getNumberOfLeadingZeros</name>
         <load_address>0x14990</load_address>
         <run_address>0x14990</run_address>
         <size>0x40</size>
         <input_file_ref idref="fl-22"/>
      </object_component>
      <object_component id="oc-4b7">
         <name>.text:HAL_LCD_SpiInit</name>
         <load_address>0x149d0</load_address>
         <run_address>0x149d0</run_address>
         <size>0x40</size>
         <input_file_ref idref="fl-10"/>
      </object_component>
      <object_component id="oc-6c4">
         <name>.text:is_A_Module</name>
         <load_address>0x14a10</load_address>
         <run_address>0x14a10</run_address>
         <size>0x40</size>
         <input_file_ref idref="fl-28"/>
      </object_component>
      <object_component id="oc-104">
         <name>.text:HAL_refresh</name>
         <load_address>0x14a50</load_address>
         <run_address>0x14a50</run_address>
         <size>0x3e</size>
         <input_file_ref idref="fl-b"/>
      </object_component>
      <object_component id="oc-713">
         <name>.text:_fcpy</name>
         <load_address>0x14a8e</load_address>
         <run_address>0x14a8e</run_address>
         <size>0x3e</size>
         <input_file_ref idref="fl-f6"/>
      </object_component>
      <object_component id="oc-4bd">
         <name>.text:HAL_LCD_writeCommand</name>
         <load_address>0x14acc</load_address>
         <run_address>0x14acc</run_address>
         <size>0x38</size>
         <input_file_ref idref="fl-10"/>
      </object_component>
      <object_component id="oc-1a0">
         <name>.text:Timer32_startTimer</name>
         <load_address>0x14b04</load_address>
         <run_address>0x14b04</run_address>
         <size>0x38</size>
         <input_file_ref idref="fl-2b"/>
      </object_component>
      <object_component id="oc-62a">
         <name>.text:Graphics_drawHorizontalLineOnDisplay</name>
         <load_address>0x14b3c</load_address>
         <run_address>0x14b3c</run_address>
         <size>0x36</size>
         <input_file_ref idref="fl-1e"/>
      </object_component>
      <object_component id="oc-2f7">
         <name>.text:ADC14_enableSampleTimer</name>
         <load_address>0x14b74</load_address>
         <run_address>0x14b74</run_address>
         <size>0x34</size>
         <input_file_ref idref="fl-23"/>
      </object_component>
      <object_component id="oc-2c6">
         <name>.text:CS_setDCOCenteredFrequency</name>
         <load_address>0x14ba8</load_address>
         <run_address>0x14ba8</run_address>
         <size>0x34</size>
         <input_file_ref idref="fl-24"/>
      </object_component>
      <object_component id="oc-19a">
         <name>.text:Timer32_setCount</name>
         <load_address>0x14bdc</load_address>
         <run_address>0x14bdc</run_address>
         <size>0x34</size>
         <input_file_ref idref="fl-2b"/>
      </object_component>
      <object_component id="oc-55">
         <name>.text:_c_int00_noargs:_c_int00_noargs</name>
         <load_address>0x14c10</load_address>
         <run_address>0x14c10</run_address>
         <size>0x34</size>
         <input_file_ref idref="fl-f4"/>
      </object_component>
      <object_component id="oc-246">
         <name>.text:GPIO_getInputPinValue</name>
         <load_address>0x14c44</load_address>
         <run_address>0x14c44</run_address>
         <size>0x30</size>
         <input_file_ref idref="fl-26"/>
      </object_component>
      <object_component id="oc-4b1">
         <name>.text:HAL_LCD_PortInit</name>
         <load_address>0x14c74</load_address>
         <run_address>0x14c74</run_address>
         <size>0x30</size>
         <input_file_ref idref="fl-10"/>
      </object_component>
      <object_component id="oc-576">
         <name>.text:_outs</name>
         <load_address>0x14ca4</load_address>
         <run_address>0x14ca4</run_address>
         <size>0x30</size>
         <input_file_ref idref="fl-e7"/>
      </object_component>
      <object_component id="oc-2fe">
         <name>.text:initJoyStick</name>
         <load_address>0x14cd4</load_address>
         <run_address>0x14cd4</run_address>
         <size>0x30</size>
         <input_file_ref idref="fl-8"/>
      </object_component>
      <object_component id="oc-5a8">
         <name>.text</name>
         <load_address>0x14d04</load_address>
         <run_address>0x14d04</run_address>
         <size>0x2e</size>
         <input_file_ref idref="fl-ec"/>
      </object_component>
      <object_component id="oc-312">
         <name>.text:ADC14_toggleConversionTrigger</name>
         <load_address>0x14d34</load_address>
         <run_address>0x14d34</run_address>
         <size>0x2c</size>
         <input_file_ref idref="fl-23"/>
      </object_component>
      <object_component id="oc-414">
         <name>.text:Accel_isMovedToDown</name>
         <load_address>0x14d60</load_address>
         <run_address>0x14d60</run_address>
         <size>0x2c</size>
         <input_file_ref idref="fl-8"/>
      </object_component>
      <object_component id="oc-41a">
         <name>.text:Accel_isMovedToDowna</name>
         <load_address>0x14d8c</load_address>
         <run_address>0x14d8c</run_address>
         <size>0x2c</size>
         <input_file_ref idref="fl-8"/>
      </object_component>
      <object_component id="oc-3de">
         <name>.text:Accel_isMovedToLeft</name>
         <load_address>0x14db8</load_address>
         <run_address>0x14db8</run_address>
         <size>0x2c</size>
         <input_file_ref idref="fl-8"/>
      </object_component>
      <object_component id="oc-3e4">
         <name>.text:Accel_isMovedToLefta</name>
         <load_address>0x14de4</load_address>
         <run_address>0x14de4</run_address>
         <size>0x2c</size>
         <input_file_ref idref="fl-8"/>
      </object_component>
      <object_component id="oc-3f0">
         <name>.text:Accel_isMovedToRight</name>
         <load_address>0x14e10</load_address>
         <run_address>0x14e10</run_address>
         <size>0x2c</size>
         <input_file_ref idref="fl-8"/>
      </object_component>
      <object_component id="oc-3f6">
         <name>.text:Accel_isMovedToRighta</name>
         <load_address>0x14e3c</load_address>
         <run_address>0x14e3c</run_address>
         <size>0x2c</size>
         <input_file_ref idref="fl-8"/>
      </object_component>
      <object_component id="oc-402">
         <name>.text:Accel_isMovedToUp</name>
         <load_address>0x14e68</load_address>
         <run_address>0x14e68</run_address>
         <size>0x2c</size>
         <input_file_ref idref="fl-8"/>
      </object_component>
      <object_component id="oc-408">
         <name>.text:Accel_isMovedToUpa</name>
         <load_address>0x14e94</load_address>
         <run_address>0x14e94</run_address>
         <size>0x2c</size>
         <input_file_ref idref="fl-8"/>
      </object_component>
      <object_component id="oc-510">
         <name>.text:Crystalfontz128x128_ClearScreen</name>
         <load_address>0x14ec0</load_address>
         <run_address>0x14ec0</run_address>
         <size>0x2c</size>
         <input_file_ref idref="fl-f"/>
      </object_component>
      <object_component id="oc-36e">
         <name>.text:Graphics_drawPixelOnDisplay</name>
         <load_address>0x14eec</load_address>
         <run_address>0x14eec</run_address>
         <size>0x2c</size>
         <input_file_ref idref="fl-1e"/>
      </object_component>
      <object_component id="oc-4c3">
         <name>.text:HAL_LCD_writeData</name>
         <load_address>0x14f18</load_address>
         <run_address>0x14f18</run_address>
         <size>0x2c</size>
         <input_file_ref idref="fl-10"/>
      </object_component>
      <object_component id="oc-331">
         <name>.text:GFX_resetColors</name>
         <load_address>0x14f44</load_address>
         <run_address>0x14f44</run_address>
         <size>0x2a</size>
         <input_file_ref idref="fl-a"/>
      </object_component>
      <object_component id="oc-392">
         <name>.text:SWTimer_expired</name>
         <load_address>0x14f6e</load_address>
         <run_address>0x14f6e</run_address>
         <size>0x2a</size>
         <input_file_ref idref="fl-d"/>
      </object_component>
      <object_component id="oc-30c">
         <name>.text:ADC14_enableConversion</name>
         <load_address>0x14f98</load_address>
         <run_address>0x14f98</run_address>
         <size>0x28</size>
         <input_file_ref idref="fl-23"/>
      </object_component>
      <object_component id="oc-43c">
         <name>.text:ADC14_getResult</name>
         <load_address>0x14fc0</load_address>
         <run_address>0x14fc0</run_address>
         <size>0x28</size>
         <input_file_ref idref="fl-23"/>
      </object_component>
      <object_component id="oc-504">
         <name>.text:Crystalfontz128x128_ColorTranslate</name>
         <load_address>0x14fe8</load_address>
         <run_address>0x14fe8</run_address>
         <size>0x28</size>
         <input_file_ref idref="fl-f"/>
      </object_component>
      <object_component id="oc-24c">
         <name>.text:GPIO_setOutputHighOnPin</name>
         <load_address>0x15010</load_address>
         <run_address>0x15010</run_address>
         <size>0x28</size>
         <input_file_ref idref="fl-26"/>
      </object_component>
      <object_component id="oc-240">
         <name>.text:GPIO_setOutputLowOnPin</name>
         <load_address>0x15038</load_address>
         <run_address>0x15038</run_address>
         <size>0x28</size>
         <input_file_ref idref="fl-26"/>
      </object_component>
      <object_component id="oc-353">
         <name>.text:LED_turnOff</name>
         <load_address>0x15060</load_address>
         <run_address>0x15060</run_address>
         <size>0x28</size>
         <input_file_ref idref="fl-c"/>
      </object_component>
      <object_component id="oc-73">
         <name>.text:T32_INT1_IRQHandler</name>
         <load_address>0x15088</load_address>
         <run_address>0x15088</run_address>
         <size>0x28</size>
         <input_file_ref idref="fl-d"/>
      </object_component>
      <object_component id="oc-238">
         <name>.text:Accel_refresh</name>
         <load_address>0x150b0</load_address>
         <run_address>0x150b0</run_address>
         <size>0x24</size>
         <input_file_ref idref="fl-8"/>
      </object_component>
      <object_component id="oc-1e4">
         <name>.text:SWTimer_start</name>
         <load_address>0x150d4</load_address>
         <run_address>0x150d4</run_address>
         <size>0x24</size>
         <input_file_ref idref="fl-d"/>
      </object_component>
      <object_component id="oc-da">
         <name>.text:WDT_A_holdTimer</name>
         <load_address>0x150f8</load_address>
         <run_address>0x150f8</run_address>
         <size>0x24</size>
         <input_file_ref idref="fl-2d"/>
      </object_component>
      <object_component id="oc-1bf">
         <name>.text:initADC</name>
         <load_address>0x1511c</load_address>
         <run_address>0x1511c</run_address>
         <size>0x24</size>
         <input_file_ref idref="fl-8"/>
      </object_component>
      <object_component id="oc-213">
         <name>.text:Application_handleHowToPlayScreen</name>
         <load_address>0x15140</load_address>
         <run_address>0x15140</run_address>
         <size>0x22</size>
         <input_file_ref idref="fl-2"/>
      </object_component>
      <object_component id="oc-207">
         <name>.text:Application_handleTitleScreen</name>
         <load_address>0x15162</load_address>
         <run_address>0x15162</run_address>
         <size>0x22</size>
         <input_file_ref idref="fl-2"/>
      </object_component>
      <object_component id="oc-420">
         <name>.text:Accel_isMovedToDownb</name>
         <load_address>0x15184</load_address>
         <run_address>0x15184</run_address>
         <size>0x20</size>
         <input_file_ref idref="fl-8"/>
      </object_component>
      <object_component id="oc-3ea">
         <name>.text:Accel_isMovedToLeftb</name>
         <load_address>0x151a4</load_address>
         <run_address>0x151a4</run_address>
         <size>0x20</size>
         <input_file_ref idref="fl-8"/>
      </object_component>
      <object_component id="oc-3fc">
         <name>.text:Accel_isMovedToRightb</name>
         <load_address>0x151c4</load_address>
         <run_address>0x151c4</run_address>
         <size>0x20</size>
         <input_file_ref idref="fl-8"/>
      </object_component>
      <object_component id="oc-40e">
         <name>.text:Accel_isMovedToUpb</name>
         <load_address>0x151e4</load_address>
         <run_address>0x151e4</run_address>
         <size>0x20</size>
         <input_file_ref idref="fl-8"/>
      </object_component>
      <object_component id="oc-10a">
         <name>.text:PollNonBlockingLED</name>
         <load_address>0x15204</load_address>
         <run_address>0x15204</run_address>
         <size>0x1e</size>
         <input_file_ref idref="fl-2"/>
      </object_component>
      <object_component id="oc-5f5">
         <name>.text:SPI_enableModule</name>
         <load_address>0x15222</load_address>
         <run_address>0x15222</run_address>
         <size>0x1c</size>
         <input_file_ref idref="fl-28"/>
      </object_component>
      <object_component id="oc-671">
         <name>.text:memccpy</name>
         <load_address>0x1523e</load_address>
         <run_address>0x1523e</run_address>
         <size>0x1c</size>
         <input_file_ref idref="fl-103"/>
      </object_component>
      <object_component id="oc-528">
         <name>.text:Graphics_clearDisplayOnDisplay</name>
         <load_address>0x1525a</load_address>
         <run_address>0x1525a</run_address>
         <size>0x1a</size>
         <input_file_ref idref="fl-1e"/>
      </object_component>
      <object_component id="oc-4dd">
         <name>.text:Graphics_setBackgroundColor</name>
         <load_address>0x15274</load_address>
         <run_address>0x15274</run_address>
         <size>0x1a</size>
         <input_file_ref idref="fl-1d"/>
      </object_component>
      <object_component id="oc-32b">
         <name>.text:Graphics_setFont</name>
         <load_address>0x1528e</load_address>
         <run_address>0x1528e</run_address>
         <size>0x1a</size>
         <input_file_ref idref="fl-1d"/>
      </object_component>
      <object_component id="oc-749">
         <name>.text:copysign</name>
         <load_address>0x152a8</load_address>
         <run_address>0x152a8</run_address>
         <size>0x1a</size>
         <input_file_ref idref="fl-f5"/>
      </object_component>
      <object_component id="oc-57c">
         <name>.text:_outc</name>
         <load_address>0x152c2</load_address>
         <run_address>0x152c2</run_address>
         <size>0x18</size>
         <input_file_ref idref="fl-e7"/>
      </object_component>
      <object_component id="oc-346">
         <name>.text</name>
         <load_address>0x152da</load_address>
         <run_address>0x152da</run_address>
         <size>0x18</size>
         <input_file_ref idref="fl-ed"/>
      </object_component>
      <object_component id="oc-6cc">
         <name>.text:EUSCI_A_SPI_enable</name>
         <load_address>0x152f2</load_address>
         <run_address>0x152f2</run_address>
         <size>0x16</size>
         <input_file_ref idref="fl-28"/>
      </object_component>
      <object_component id="oc-6d2">
         <name>.text:EUSCI_B_SPI_enable</name>
         <load_address>0x15308</load_address>
         <run_address>0x15308</run_address>
         <size>0x16</size>
         <input_file_ref idref="fl-28"/>
      </object_component>
      <object_component id="oc-3d2">
         <name>.text:Graphics_setForegroundColor</name>
         <load_address>0x1531e</load_address>
         <run_address>0x1531e</run_address>
         <size>0x16</size>
         <input_file_ref idref="fl-1d"/>
      </object_component>
      <object_component id="oc-531">
         <name>.text:Graphics_translateColorOnDisplay</name>
         <load_address>0x15334</load_address>
         <run_address>0x15334</run_address>
         <size>0x16</size>
         <input_file_ref idref="fl-1e"/>
      </object_component>
      <object_component id="oc-721">
         <name>.text:strchr</name>
         <load_address>0x1534a</load_address>
         <run_address>0x1534a</run_address>
         <size>0x16</size>
         <input_file_ref idref="fl-104"/>
      </object_component>
      <object_component id="oc-1cb">
         <name>.text:Accel_construct</name>
         <load_address>0x15360</load_address>
         <run_address>0x15360</run_address>
         <size>0x14</size>
         <input_file_ref idref="fl-8"/>
      </object_component>
      <object_component id="oc-e0">
         <name>.text:InitNonBlockingLED</name>
         <load_address>0x15374</load_address>
         <run_address>0x15374</run_address>
         <size>0x14</size>
         <input_file_ref idref="fl-2"/>
      </object_component>
      <object_component id="oc-b9">
         <name>.text:Timer32_clearInterruptFlag</name>
         <load_address>0x15388</load_address>
         <run_address>0x15388</run_address>
         <size>0x14</size>
         <input_file_ref idref="fl-2b"/>
      </object_component>
      <object_component id="oc-647">
         <name>.text:strlen</name>
         <load_address>0x1539c</load_address>
         <run_address>0x1539c</run_address>
         <size>0x14</size>
         <input_file_ref idref="fl-105"/>
      </object_component>
      <object_component id="oc-35a">
         <name>.text:Graphics_clearDisplay</name>
         <load_address>0x153b0</load_address>
         <run_address>0x153b0</run_address>
         <size>0x12</size>
         <input_file_ref idref="fl-1d"/>
      </object_component>
      <object_component id="oc-677">
         <name>.text:wcslen</name>
         <load_address>0x153c2</load_address>
         <run_address>0x153c2</run_address>
         <size>0x12</size>
         <input_file_ref idref="fl-107"/>
      </object_component>
      <object_component id="oc-48f">
         <name>.text:ADCIsConversionRunning</name>
         <load_address>0x153d4</load_address>
         <run_address>0x153d4</run_address>
         <size>0x10</size>
         <input_file_ref idref="fl-23"/>
      </object_component>
      <object_component id="oc-17c">
         <name>.text:Interrupt_disableMaster</name>
         <load_address>0x153e4</load_address>
         <run_address>0x153e4</run_address>
         <size>0x10</size>
         <input_file_ref idref="fl-27"/>
      </object_component>
      <object_component id="oc-1a6">
         <name>.text:Interrupt_enableMaster</name>
         <load_address>0x153f4</load_address>
         <run_address>0x153f4</run_address>
         <size>0x10</size>
         <input_file_ref idref="fl-27"/>
      </object_component>
      <object_component id="oc-3b1">
         <name>.text:Button_isTapped</name>
         <load_address>0x15404</load_address>
         <run_address>0x15404</run_address>
         <size>0xe</size>
         <input_file_ref idref="fl-9"/>
      </object_component>
      <object_component id="oc-376">
         <name>.text:Graphics_getFontHeight</name>
         <load_address>0x15412</load_address>
         <run_address>0x15412</run_address>
         <size>0xe</size>
         <input_file_ref idref="fl-1d"/>
      </object_component>
      <object_component id="oc-37c">
         <name>.text:Graphics_getFontMaxWidth</name>
         <load_address>0x15420</load_address>
         <run_address>0x15420</run_address>
         <size>0xe</size>
         <input_file_ref idref="fl-1d"/>
      </object_component>
      <object_component id="oc-3ab">
         <name>.text:Joystick_isTappedToDown</name>
         <load_address>0x1542e</load_address>
         <run_address>0x1542e</run_address>
         <size>0xe</size>
         <input_file_ref idref="fl-8"/>
      </object_component>
      <object_component id="oc-39f">
         <name>.text:Joystick_isTappedToUp</name>
         <load_address>0x1543c</load_address>
         <run_address>0x1543c</run_address>
         <size>0xe</size>
         <input_file_ref idref="fl-8"/>
      </object_component>
      <object_component id="oc-34c">
         <name>.text:Timer32_getValue</name>
         <load_address>0x1544a</load_address>
         <run_address>0x1544a</run_address>
         <size>0xe</size>
         <input_file_ref idref="fl-2b"/>
      </object_component>
      <object_component id="oc-1d">
         <name>.text:decompress:none:__TI_decompress_none</name>
         <load_address>0x15458</load_address>
         <run_address>0x15458</run_address>
         <size>0xe</size>
         <input_file_ref idref="fl-f1"/>
      </object_component>
      <object_component id="oc-2e5">
         <name>.text:ADC14_enableModule</name>
         <load_address>0x15468</load_address>
         <run_address>0x15468</run_address>
         <size>0xc</size>
         <input_file_ref idref="fl-23"/>
      </object_component>
      <object_component id="oc-2b8">
         <name>.text:CPU_cpsid</name>
         <load_address>0x15474</load_address>
         <run_address>0x15474</run_address>
         <size>0xc</size>
         <input_file_ref idref="fl-2e"/>
      </object_component>
      <object_component id="oc-2d8">
         <name>.text:CPU_cpsie</name>
         <load_address>0x15480</load_address>
         <run_address>0x15480</run_address>
         <size>0xc</size>
         <input_file_ref idref="fl-2e"/>
      </object_component>
      <object_component id="oc-1f1">
         <name>.text:GFX_clear</name>
         <load_address>0x1548c</load_address>
         <run_address>0x1548c</run_address>
         <size>0xc</size>
         <input_file_ref idref="fl-a"/>
      </object_component>
      <object_component id="oc-67">
         <name>.text:Reset_Handler</name>
         <load_address>0x15498</load_address>
         <run_address>0x15498</run_address>
         <size>0xc</size>
         <input_file_ref idref="fl-11"/>
      </object_component>
      <object_component id="oc-49">
         <name>.text:decompress:ZI:__TI_zero_init</name>
         <load_address>0x154a4</load_address>
         <run_address>0x154a4</run_address>
         <size>0xc</size>
         <input_file_ref idref="fl-f0"/>
      </object_component>
      <object_component id="oc-1d1">
         <name>.text:startADC</name>
         <load_address>0x154b0</load_address>
         <run_address>0x154b0</run_address>
         <size>0xc</size>
         <input_file_ref idref="fl-8"/>
      </object_component>
      <object_component id="oc-50a">
         <name>.text:Crystalfontz128x128_Flush</name>
         <load_address>0x154bc</load_address>
         <run_address>0x154bc</run_address>
         <size>0xa</size>
         <input_file_ref idref="fl-f"/>
      </object_component>
      <object_component id="oc-67d">
         <name>.text:__aeabi_errno_addr</name>
         <load_address>0x154c8</load_address>
         <run_address>0x154c8</run_address>
         <size>0x8</size>
         <input_file_ref idref="fl-f3"/>
      </object_component>
      <object_component id="oc-99">
         <name>.text:_system_pre_init</name>
         <load_address>0x154d0</load_address>
         <run_address>0x154d0</run_address>
         <size>0x4</size>
         <input_file_ref idref="fl-fb"/>
      </object_component>
      <object_component id="oc-120">
         <name>.text:abort:abort</name>
         <load_address>0x154d4</load_address>
         <run_address>0x154d4</run_address>
         <size>0x4</size>
         <input_file_ref idref="fl-fd"/>
      </object_component>
      <object_component id="oc-760">
         <name>.const:.string:pixel_Game_over8BPP_UNCOMP</name>
         <load_address>0xe8</load_address>
         <run_address>0xe8</run_address>
         <size>0x3e80</size>
         <input_file_ref idref="fl-3"/>
      </object_component>
      <object_component id="oc-38c">
         <name>.const:.string:pixel_title_image8BPP_UNCOMP</name>
         <load_address>0x3f68</load_address>
         <run_address>0x3f68</run_address>
         <size>0x3700</size>
         <input_file_ref idref="fl-7"/>
      </object_component>
      <object_component id="oc-638">
         <name>.const:.string:pixel_menu_image8BPP_UNCOMP</name>
         <load_address>0x7668</load_address>
         <run_address>0x7668</run_address>
         <size>0x2f80</size>
         <input_file_ref idref="fl-5"/>
      </object_component>
      <object_component id="oc-641">
         <name>.const:.string:pixel_high_score8BPP_UNCOMP</name>
         <load_address>0xa5e8</load_address>
         <run_address>0xa5e8</run_address>
         <size>0x2d00</size>
         <input_file_ref idref="fl-4"/>
      </object_component>
      <object_component id="oc-75d">
         <name>.const:palette_Game_over8BPP_UNCOMP</name>
         <load_address>0xd2e8</load_address>
         <run_address>0xd2e8</run_address>
         <size>0x400</size>
         <input_file_ref idref="fl-3"/>
      </object_component>
      <object_component id="oc-63e">
         <name>.const:palette_high_score8BPP_UNCOMP</name>
         <load_address>0xd6e8</load_address>
         <run_address>0xd6e8</run_address>
         <size>0x400</size>
         <input_file_ref idref="fl-4"/>
      </object_component>
      <object_component id="oc-635">
         <name>.const:palette_menu_image8BPP_UNCOMP</name>
         <load_address>0xdae8</load_address>
         <run_address>0xdae8</run_address>
         <size>0x400</size>
         <input_file_ref idref="fl-5"/>
      </object_component>
      <object_component id="oc-389">
         <name>.const:palette_title_image8BPP_UNCOMP</name>
         <load_address>0xdee8</load_address>
         <run_address>0xdee8</run_address>
         <size>0x400</size>
         <input_file_ref idref="fl-7"/>
      </object_component>
      <object_component id="oc-518">
         <name>.const:.string:g_pucFontFixed6x8Data</name>
         <load_address>0xe2e8</load_address>
         <run_address>0xe2e8</run_address>
         <size>0x2f8</size>
         <input_file_ref idref="fl-1f"/>
      </object_component>
      <object_component id="oc-6ef">
         <name>.const:.string:_ctypes_</name>
         <load_address>0xe5e0</load_address>
         <run_address>0xe5e0</run_address>
         <size>0x101</size>
         <input_file_ref idref="fl-102"/>
      </object_component>
      <object_component id="oc-33d">
         <name>.const:g_sFontFixed6x8</name>
         <load_address>0xe6e4</load_address>
         <run_address>0xe6e4</run_address>
         <size>0xc8</size>
         <input_file_ref idref="fl-1f"/>
      </object_component>
      <object_component id="oc-49c">
         <name>.const:_ctlRegs</name>
         <load_address>0xe7ac</load_address>
         <run_address>0xe7ac</run_address>
         <size>0x80</size>
         <input_file_ref idref="fl-23"/>
      </object_component>
      <object_component id="oc-6a5">
         <name>.const:$O1$$</name>
         <load_address>0xe830</load_address>
         <run_address>0xe830</run_address>
         <size>0x30</size>
         <input_file_ref idref="fl-e4"/>
      </object_component>
      <object_component id="oc-2ae">
         <name>.const:GPIO_PORT_TO_BASE</name>
         <load_address>0xe860</load_address>
         <run_address>0xe860</run_address>
         <size>0x30</size>
         <input_file_ref idref="fl-26"/>
      </object_component>
      <object_component id="oc-33a">
         <name>.const:g_sCrystalfontz128x128_funcs</name>
         <load_address>0xe890</load_address>
         <run_address>0xe890</run_address>
         <size>0x20</size>
         <input_file_ref idref="fl-f"/>
      </object_component>
      <object_component id="oc-5fb">
         <name>.const:$P$T0$1</name>
         <load_address>0xe8b0</load_address>
         <run_address>0xe8b0</run_address>
         <size>0x1c</size>
         <input_file_ref idref="fl-10"/>
      </object_component>
      <object_component id="oc-6bd">
         <name>.const:Game_over8BPP_UNCOMP</name>
         <load_address>0xe8cc</load_address>
         <run_address>0xe8cc</run_address>
         <size>0x10</size>
         <input_file_ref idref="fl-3"/>
      </object_component>
      <object_component id="oc-56a">
         <name>.const:high_score8BPP_UNCOMP</name>
         <load_address>0xe8dc</load_address>
         <run_address>0xe8dc</run_address>
         <size>0x10</size>
         <input_file_ref idref="fl-4"/>
      </object_component>
      <object_component id="oc-562">
         <name>.const:menu_image8BPP_UNCOMP</name>
         <load_address>0xe8ec</load_address>
         <run_address>0xe8ec</run_address>
         <size>0x10</size>
         <input_file_ref idref="fl-5"/>
      </object_component>
      <object_component id="oc-203">
         <name>.const:title_image8BPP_UNCOMP</name>
         <load_address>0xe8fc</load_address>
         <run_address>0xe8fc</run_address>
         <size>0x10</size>
         <input_file_ref idref="fl-7"/>
      </object_component>
      <object_component id="oc-618">
         <name>.const:$P$T0$1</name>
         <load_address>0xe90c</load_address>
         <run_address>0xe90c</run_address>
         <size>0x8</size>
         <input_file_ref idref="fl-f"/>
      </object_component>
      <object_component id="oc-2df">
         <name>.const:g_pulEnRegs</name>
         <load_address>0xe914</load_address>
         <run_address>0xe914</run_address>
         <size>0x8</size>
         <input_file_ref idref="fl-27"/>
      </object_component>
      <object_component id="oc-7df">
         <name>.cinit..data.load</name>
         <load_address>0x154d8</load_address>
         <run_address>0x154d8</run_address>
         <size>0xd</size>
      </object_component>
      <object_component id="oc-7dd">
         <name>__TI_handler_table</name>
         <load_address>0x154e8</load_address>
         <run_address>0x154e8</run_address>
         <size>0xc</size>
      </object_component>
      <object_component id="oc-7e0">
         <name>.cinit..bss.load</name>
         <load_address>0x154f8</load_address>
         <run_address>0x154f8</run_address>
         <size>0x8</size>
      </object_component>
      <object_component id="oc-7de">
         <name>__TI_cinit_table</name>
         <load_address>0x15500</load_address>
         <run_address>0x15500</run_address>
         <size>0x10</size>
      </object_component>
      <object_component id="oc-7b1">
         <name>.binit</name>
         <load_address>0x0</load_address>
         <run_address>0x0</run_address>
         <size>0x0</size>
      </object_component>
      <object_component id="oc-bf">
         <name>.data</name>
         <load_address>0x20000420</load_address>
         <run_address>0x20000420</run_address>
         <size>0x8</size>
         <input_file_ref idref="fl-d"/>
      </object_component>
      <object_component id="oc-337">
         <name>.data:g_sCrystalfontz128x128</name>
         <load_address>0x20000410</load_address>
         <run_address>0x20000410</run_address>
         <size>0x10</size>
         <input_file_ref idref="fl-f"/>
      </object_component>
      <object_component id="oc-731">
         <name>.data</name>
         <load_address>0x20000428</load_address>
         <run_address>0x20000428</run_address>
         <size>0x4</size>
         <input_file_ref idref="fl-f3"/>
      </object_component>
      <object_component id="oc-537">
         <name>.bss:g_pulConvertedPalette</name>
         <uninitialized>true</uninitialized>
         <run_address>0x20000000</run_address>
         <size>0x400</size>
         <input_file_ref idref="fl-20"/>
      </object_component>
      <object_component id="oc-4d8">
         <name>.common:Lcd_Orientation</name>
         <uninitialized>true</uninitialized>
         <run_address>0x20000408</run_address>
         <size>0x1</size>
      </object_component>
      <object_component id="oc-4cf">
         <name>.common:Lcd_ScreenWidth</name>
         <uninitialized>true</uninitialized>
         <run_address>0x20000402</run_address>
         <size>0x2</size>
      </object_component>
      <object_component id="oc-4d2">
         <name>.common:Lcd_ScreenHeigth</name>
         <uninitialized>true</uninitialized>
         <run_address>0x20000400</run_address>
         <size>0x2</size>
      </object_component>
      <object_component id="oc-4d3">
         <name>.common:Lcd_PenSolid</name>
         <uninitialized>true</uninitialized>
         <run_address>0x20000409</run_address>
         <size>0x1</size>
      </object_component>
      <object_component id="oc-4d4">
         <name>.common:Lcd_FontSolid</name>
         <uninitialized>true</uninitialized>
         <run_address>0x20000407</run_address>
         <size>0x1</size>
      </object_component>
      <object_component id="oc-4d5">
         <name>.common:Lcd_FlagRead</name>
         <uninitialized>true</uninitialized>
         <run_address>0x20000406</run_address>
         <size>0x1</size>
      </object_component>
      <object_component id="oc-4d6">
         <name>.common:Lcd_TouchTrim</name>
         <uninitialized>true</uninitialized>
         <run_address>0x20000404</run_address>
         <size>0x2</size>
      </object_component>
      <object_component id="oc-29">
         <name>.stack</name>
         <uninitialized>true</uninitialized>
         <run_address>0x2000fe00</run_address>
         <size>0x4</size>
         <input_file_ref idref="fl-f4"/>
      </object_component>
      <object_component id="oc-7e2">
         <name>.stack</name>
         <uninitialized>true</uninitialized>
         <run_address>0x2000fe00</run_address>
         <size>0x0</size>
      </object_component>
      <object_component id="oc-16d">
         <name>.debug_info</name>
         <load_address>0x0</load_address>
         <run_address>0x0</run_address>
         <size>0xfd5</size>
         <input_file_ref idref="fl-2"/>
      </object_component>
      <object_component id="oc-e1">
         <name>.debug_info</name>
         <load_address>0xfd5</load_address>
         <run_address>0xfd5</run_address>
         <size>0x16c</size>
         <input_file_ref idref="fl-2"/>
      </object_component>
      <object_component id="oc-10b">
         <name>.debug_info</name>
         <load_address>0x1141</load_address>
         <run_address>0x1141</run_address>
         <size>0x17e</size>
         <input_file_ref idref="fl-2"/>
      </object_component>
      <object_component id="oc-a0">
         <name>.debug_info</name>
         <load_address>0x12bf</load_address>
         <run_address>0x12bf</run_address>
         <size>0x20e</size>
         <input_file_ref idref="fl-2"/>
      </object_component>
      <object_component id="oc-f3">
         <name>.debug_info</name>
         <load_address>0x14cd</load_address>
         <run_address>0x14cd</run_address>
         <size>0x25c</size>
         <input_file_ref idref="fl-2"/>
      </object_component>
      <object_component id="oc-ff">
         <name>.debug_info</name>
         <load_address>0x1729</load_address>
         <run_address>0x1729</run_address>
         <size>0x252</size>
         <input_file_ref idref="fl-2"/>
      </object_component>
      <object_component id="oc-f9">
         <name>.debug_info</name>
         <load_address>0x197b</load_address>
[...]
      </symbol>
      <symbol id="sm-7b7">
         <name>CS_setDCOCenteredFrequency</name>
         <value>0x14ba9</value>
         <object_component_ref idref="oc-2c6"/>
      </symbol>
      <symbol id="sm-7b8">
         <name>CS_tuneDCOFrequency</name>
         <value>0x138d1</value>
         <object_component_ref idref="oc-2cc"/>
      </symbol>
      <symbol id="sm-7b9">
         <name>CS_initClockSignal</name>
         <value>0x1268d</value>
         <object_component_ref idref="oc-18e"/>
      </symbol>
      <symbol id="sm-7c8">
         <name>FlashCtl_setWaitState</name>
         <value>0x146e1</value>
         <object_component_ref idref="oc-182"/>
      </symbol>
      <symbol id="sm-826">
         <name>GPIO_setOutputHighOnPin</name>
         <value>0x15011</value>
         <object_component_ref idref="oc-24c"/>
      </symbol>
      <symbol id="sm-827">
         <name>GPIO_setAsInputPinWithPullUpResistor</name>
         <value>0x142b1</value>
         <object_component_ref idref="oc-175"/>
      </symbol>
      <symbol id="sm-828">
         <name>GPIO_setAsOutputPin</name>
         <value>0x14951</value>
         <object_component_ref idref="oc-16f"/>
      </symbol>
      <symbol id="sm-829">
         <name>GPIO_setOutputLowOnPin</name>
         <value>0x15039</value>
         <object_component_ref idref="oc-240"/>
      </symbol>
      <symbol id="sm-82a">
         <name>GPIO_setAsPeripheralModuleFunctionOutputPin</name>
         <value>0x139e1</value>
         <object_component_ref idref="oc-5e8"/>
      </symbol>
      <symbol id="sm-82b">
         <name>GPIO_getInputPinValue</name>
         <value>0x14c45</value>
         <object_component_ref idref="oc-246"/>
      </symbol>
      <symbol id="sm-82c">
         <name>GPIO_setAsPeripheralModuleFunctionInputPin</name>
         <value>0x13959</value>
         <object_component_ref idref="oc-4a7"/>
      </symbol>
      <symbol id="sm-85b">
         <name>Interrupt_disableMaster</name>
         <value>0x153e5</value>
         <object_component_ref idref="oc-17c"/>
      </symbol>
      <symbol id="sm-85c">
         <name>Interrupt_enableMaster</name>
         <value>0x153f5</value>
         <object_component_ref idref="oc-1a6"/>
      </symbol>
      <symbol id="sm-85d">
         <name>Interrupt_enableInterrupt</name>
         <value>0x13b75</value>
         <object_component_ref idref="oc-1ac"/>
      </symbol>
      <symbol id="sm-89c">
         <name>EUSCI_B_SPI_enable</name>
         <value>0x15309</value>
         <object_component_ref idref="oc-6d2"/>
      </symbol>
      <symbol id="sm-89d">
         <name>SPI_enableModule</name>
         <value>0x15223</value>
         <object_component_ref idref="oc-5f5"/>
      </symbol>
      <symbol id="sm-89e">
         <name>EUSCI_A_SPI_enable</name>
         <value>0x152f3</value>
         <object_component_ref idref="oc-6cc"/>
      </symbol>
      <symbol id="sm-89f">
         <name>SPI_initMaster</name>
         <value>0x133f1</value>
         <object_component_ref idref="oc-5ef"/>
      </symbol>
      <symbol id="sm-8b6">
         <name>SysCtl_A_getTLVInfo</name>
         <value>0x137ad</value>
         <object_component_ref idref="oc-2c0"/>
      </symbol>
      <symbol id="sm-8ef">
         <name>Timer32_startTimer</name>
         <value>0x14b05</value>
         <object_component_ref idref="oc-1a0"/>
      </symbol>
      <symbol id="sm-8f0">
         <name>Timer32_setCount</name>
         <value>0x14bdd</value>
         <object_component_ref idref="oc-19a"/>
      </symbol>
      <symbol id="sm-8f1">
         <name>Timer32_getValue</name>
         <value>0x1544b</value>
         <object_component_ref idref="oc-34c"/>
      </symbol>
      <symbol id="sm-8f2">
         <name>Timer32_initModule</name>
         <value>0x14005</value>
         <object_component_ref idref="oc-194"/>
      </symbol>
      <symbol id="sm-8f3">
         <name>Timer32_clearInterruptFlag</name>
         <value>0x15389</value>
         <object_component_ref idref="oc-b9"/>
      </symbol>
      <symbol id="sm-900">
         <name>WDT_A_holdTimer</name>
         <value>0x150f9</value>
         <object_component_ref idref="oc-da"/>
      </symbol>
      <symbol id="sm-912">
         <name>CPU_cpsie</name>
         <value>0x15481</value>
         <object_component_ref idref="oc-2d8"/>
      </symbol>
      <symbol id="sm-913">
         <name>CPU_cpsid</name>
         <value>0x15475</value>
         <object_component_ref idref="oc-2b8"/>
      </symbol>
      <symbol id="sm-9aa">
         <name>pow</name>
         <value>0xf36d</value>
         <object_component_ref idref="oc-5ad"/>
      </symbol>
      <symbol id="sm-9ab">
         <name>powl</name>
         <value>0xf36d</value>
         <object_component_ref idref="oc-5ad"/>
      </symbol>
      <symbol id="sm-9cd">
         <name>sqrtl</name>
         <value>0x11f05</value>
         <object_component_ref idref="oc-69a"/>
      </symbol>
      <symbol id="sm-9ce">
         <name>sqrt</name>
         <value>0x11f05</value>
         <object_component_ref idref="oc-69a"/>
      </symbol>
      <symbol id="sm-9f5">
         <name>scalbn</name>
         <value>0x12a0d</value>
         <object_component_ref idref="oc-6ad"/>
      </symbol>
      <symbol id="sm-9f6">
         <name>scalbnl</name>
         <value>0x12a0d</value>
         <object_component_ref idref="oc-6ad"/>
      </symbol>
      <symbol id="sm-9f7">
         <name>ldexpl</name>
         <value>0x12a0d</value>
         <object_component_ref idref="oc-6ad"/>
      </symbol>
      <symbol id="sm-9f8">
         <name>ldexp</name>
         <value>0x12a0d</value>
         <object_component_ref idref="oc-6ad"/>
      </symbol>
      <symbol id="sm-a27">
         <name>snprintf</name>
         <value>0x14649</value>
         <object_component_ref idref="oc-3cb"/>
      </symbol>
      <symbol id="sm-a3e">
         <name>__aeabi_dsub</name>
         <value>0x118c9</value>
         <object_component_ref idref="oc-5b3"/>
      </symbol>
      <symbol id="sm-a3f">
         <name>__aeabi_dadd</name>
         <value>0x118d3</value>
         <object_component_ref idref="oc-5b3"/>
      </symbol>
      <symbol id="sm-a61">
         <name>__aeabi_cdcmpeq</name>
         <value>0x13a69</value>
         <object_component_ref idref="oc-5b8"/>
      </symbol>
      <symbol id="sm-a62">
         <name>__aeabi_cdcmple</name>
         <value>0x13a69</value>
         <object_component_ref idref="oc-5b8"/>
      </symbol>
      <symbol id="sm-a63">
         <name>__aeabi_cdrcmple</name>
         <value>0x13aef</value>
         <object_component_ref idref="oc-6a8"/>
      </symbol>
      <symbol id="sm-a77">
         <name>__aeabi_ddiv</name>
         <value>0x12421</value>
         <object_component_ref idref="oc-695"/>
      </symbol>
      <symbol id="sm-a82">
         <name>__aeabi_dmul</name>
         <value>0x12c1b</value>
         <object_component_ref idref="oc-6a0"/>
      </symbol>
      <symbol id="sm-a8c">
         <name>__aeabi_i2d</name>
         <value>0x14d05</value>
         <object_component_ref idref="oc-5a8"/>
      </symbol>
      <symbol id="sm-a95">
         <name>__aeabi_lmul</name>
         <value>0x152db</value>
         <object_component_ref idref="oc-346"/>
      </symbol>
      <symbol id="sm-ab0">
         <name>memcpy</name>
         <value>0x1367b</value>
         <object_component_ref idref="oc-37"/>
      </symbol>
      <symbol id="sm-ab1">
         <name>__aeabi_memcpy</name>
         <value>0x1367b</value>
         <object_component_ref idref="oc-37"/>
      </symbol>
      <symbol id="sm-ab2">
         <name>__aeabi_memcpy8</name>
         <value>0x1367b</value>
         <object_component_ref idref="oc-37"/>
      </symbol>
      <symbol id="sm-ab3">
         <name>__aeabi_memcpy4</name>
         <value>0x1367b</value>
         <object_component_ref idref="oc-37"/>
      </symbol>
      <symbol id="sm-ac0">
         <name>__aeabi_uldivmod</name>
         <value>0x13717</value>
         <object_component_ref idref="oc-341"/>
      </symbol>
      <symbol id="sm-ad2">
         <name>__TI_zero_init</name>
         <value>0x154a5</value>
         <object_component_ref idref="oc-49"/>
      </symbol>
      <symbol id="sm-ae9">
         <name>__TI_decompress_none</name>
         <value>0x15459</value>
         <object_component_ref idref="oc-1d"/>
      </symbol>
      <symbol id="sm-b0c">
         <name>__TI_decompress_lzss</name>
         <value>0x1406d</value>
         <object_component_ref idref="oc-17"/>
      </symbol>
      <symbol id="sm-b22">
         <name>__aeabi_errno_addr</name>
         <value>0x154c9</value>
         <object_component_ref idref="oc-67d"/>
      </symbol>
      <symbol id="sm-b23">
         <name>errno</name>
         <value>0x20000428</value>
         <object_component_ref idref="oc-731"/>
      </symbol>
      <symbol id="sm-b36">
         <name>__stack</name>
         <value>0x2000fe00</value>
         <object_component_ref idref="oc-29"/>
      </symbol>
      <symbol id="sm-b37">
         <name>_c_int00_noargs</name>
         <value>0x14c11</value>
         <object_component_ref idref="oc-55"/>
      </symbol>
      <symbol id="sm-b41">
         <name>copysign</name>
         <value>0x152a9</value>
         <object_component_ref idref="oc-749"/>
      </symbol>
      <symbol id="sm-b42">
         <name>copysignl</name>
         <value>0x152a9</value>
         <object_component_ref idref="oc-749"/>
      </symbol>
      <symbol id="sm-ca7">
         <name>__TI_printfi</name>
         <value>0xe91d</value>
         <object_component_ref idref="oc-570"/>
      </symbol>
      <symbol id="sm-cb1">
         <name>__aeabi_idiv0</name>
         <value>0x101ab</value>
         <object_component_ref idref="oc-51e"/>
      </symbol>
      <symbol id="sm-cb2">
         <name>__aeabi_ldiv0</name>
         <value>0x101ab</value>
         <object_component_ref idref="oc-51e"/>
      </symbol>
      <symbol id="sm-cc1">
         <name>__aeabi_memset</name>
         <value>0x13cef</value>
         <object_component_ref idref="oc-93"/>
      </symbol>
      <symbol id="sm-cc2">
         <name>memset</name>
         <value>0x13cf5</value>
         <object_component_ref idref="oc-93"/>
      </symbol>
      <symbol id="sm-cc3">
         <name>__aeabi_memset8</name>
         <value>0x13cef</value>
         <object_component_ref idref="oc-93"/>
      </symbol>
      <symbol id="sm-cc4">
         <name>__aeabi_memset4</name>
         <value>0x13cef</value>
         <object_component_ref idref="oc-93"/>
      </symbol>
      <symbol id="sm-cc5">
         <name>__aeabi_memclr8</name>
         <value>0x13ced</value>
         <object_component_ref idref="oc-93"/>
      </symbol>
      <symbol id="sm-cc6">
         <name>__aeabi_memclr4</name>
         <value>0x13ced</value>
         <object_component_ref idref="oc-93"/>
      </symbol>
      <symbol id="sm-cc7">
         <name>__aeabi_memclr</name>
         <value>0x13ced</value>
         <object_component_ref idref="oc-93"/>
      </symbol>
      <symbol id="sm-cd1">
         <name>__aeabi_d2iz</name>
         <value>0x14729</value>
         <object_component_ref idref="oc-6f5"/>
      </symbol>
      <symbol id="sm-cf9">
         <name>__TI_auto_init_nobinit_nopinit</name>
         <value>0x148cd</value>
         <object_component_ref idref="oc-12c"/>
      </symbol>
      <symbol id="sm-d03">
         <name>_system_pre_init</name>
         <value>0x154d1</value>
         <object_component_ref idref="oc-99"/>
      </symbol>
      <symbol id="sm-d0f">
         <name>C$$EXIT</name>
         <value>0x154d5</value>
         <object_component_ref idref="oc-120"/>
      </symbol>
      <symbol id="sm-d10">
         <name>abort</name>
         <value>0x154d5</value>
         <object_component_ref idref="oc-120"/>
      </symbol>
      <symbol id="sm-d20">
         <name>__TI_ltoa</name>
         <value>0x1445d</value>
         <object_component_ref idref="oc-6fa"/>
      </symbol>
      <symbol id="sm-d37">
         <name>atoi</name>
         <value>0x145fd</value>
         <object_component_ref idref="oc-64d"/>
      </symbol>
      <symbol id="sm-d42">
         <name>_ctypes_</name>
         <value>0xe5e0</value>
         <object_component_ref idref="oc-6ef"/>
      </symbol>
      <symbol id="sm-d52">
         <name>memccpy</name>
         <value>0x1523f</value>
         <object_component_ref idref="oc-671"/>
      </symbol>
      <symbol id="sm-d62">
         <name>strchr</name>
         <value>0x1534b</value>
         <object_component_ref idref="oc-721"/>
      </symbol>
      <symbol id="sm-d70">
         <name>strlen</name>
         <value>0x1539d</value>
         <object_component_ref idref="oc-647"/>
      </symbol>
      <symbol id="sm-d86">
         <name>frexpl</name>
         <value>0x140d5</value>
         <object_component_ref idref="oc-71b"/>
      </symbol>
      <symbol id="sm-d87">
         <name>frexp</name>
         <value>0x140d5</value>
         <object_component_ref idref="oc-71b"/>
      </symbol>
      <symbol id="sm-da0">
         <name>wcslen</name>
         <value>0x153c3</value>
         <object_component_ref idref="oc-677"/>
      </symbol>
      <symbol id="sm-da1">
         <name>__TI_static_base__</name>
         <value>0x0</value>
      </symbol>
      <symbol id="sm-da4">
         <name>__mpu_init</name>
         <value>0x0</value>
      </symbol>
      <symbol id="sm-da5">
         <name>_system_post_cinit</name>
         <value>0x0</value>
      </symbol>
      <symbol id="sm-da6">
         <name>NMI_Handler</name>
         <value>0xf36b</value>
      </symbol>
      <symbol id="sm-da7">
         <name>HardFault_Handler</name>
         <value>0xf36b</value>
      </symbol>
      <symbol id="sm-da8">
         <name>MemManage_Handler</name>
         <value>0xf36b</value>
      </symbol>
      <symbol id="sm-da9">
         <name>BusFault_Handler</name>
         <value>0xf36b</value>
      </symbol>
      <symbol id="sm-daa">
         <name>UsageFault_Handler</name>
         <value>0xf36b</value>
      </symbol>
      <symbol id="sm-dab">
         <name>SVC_Handler</name>
         <value>0xf36b</value>
      </symbol>
      <symbol id="sm-dac">
         <name>DebugMon_Handler</name>
         <value>0xf36b</value>
      </symbol>
      <symbol id="sm-dad">
         <name>PendSV_Handler</name>
         <value>0xf36b</value>
      </symbol>
      <symbol id="sm-dae">
         <name>SysTick_Handler</name>
         <value>0xf36b</value>
      </symbol>
      <symbol id="sm-daf">
         <name>PSS_IRQHandler</name>
         <value>0xf36b</value>
      </symbol>
      <symbol id="sm-db0">
         <name>CS_IRQHandler</name>
         <value>0xf36b</value>
      </symbol>
      <symbol id="sm-db1">
         <name>PCM_IRQHandler</name>
         <value>0xf36b</value>
      </symbol>
      <symbol id="sm-db2">
         <name>WDT_A_IRQHandler</name>
         <value>0xf36b</value>
      </symbol>
      <symbol id="sm-db3">
         <name>FPU_IRQHandler</name>
         <value>0xf36b</value>
      </symbol>
      <symbol id="sm-db4">
         <name>FLCTL_IRQHandler</name>
         <value>0xf36b</value>
      </symbol>
      <symbol id="sm-db5">
         <name>COMP_E0_IRQHandler</name>
         <value>0xf36b</value>
      </symbol>
      <symbol id="sm-db6">
         <name>COMP_E1_IRQHandler</name>
         <value>0xf36b</value>
      </symbol>
      <symbol id="sm-db7">
         <name>TA0_0_IRQHandler</name>
         <value>0xf36b</value>
      </symbol>
      <symbol id="sm-db8">
         <name>TA0_N_IRQHandler</name>
         <value>0xf36b</value>
      </symbol>
      <symbol id="sm-db9">
         <name>TA1_0_IRQHandler</name>
         <value>0xf36b</value>
      </symbol>
      <symbol id="sm-dba">
         <name>TA1_N_IRQHandler</name>
         <value>0xf36b</value>
      </symbol>
      <symbol id="sm-dbb">
         <name>TA2_0_IRQHandler</name>
         <value>0xf36b</value>
      </symbol>
      <symbol id="sm-dbc">
         <name>TA2_N_IRQHandler</name>
         <value>0xf36b</value>
      </symbol>
      <symbol id="sm-dbd">
         <name>TA3_0_IRQHandler</name>
         <value>0xf36b</value>
      </symbol>
      <symbol id="sm-dbe">
         <name>TA3_N_IRQHandler</name>
         <value>0xf36b</value>
      </symbol>
      <symbol id="sm-dbf">
         <name>EUSCIA0_IRQHandler</name>
         <value>0xf36b</value>
      </symbol>
      <symbol id="sm-dc0">
         <name>EUSCIA1_IRQHandler</name>
         <value>0xf36b</value>
      </symbol>
      <symbol id="sm-dc1">
         <name>EUSCIA2_IRQHandler</name>
         <value>0xf36b</value>
      </symbol>
      <symbol id="sm-dc2">
         <name>EUSCIA3_IRQHandler</name>
         <value>0xf36b</value>
      </symbol>
      <symbol id="sm-dc3">
         <name>EUSCIB0_IRQHandler</name>
         <value>0xf36b</value>
      </symbol>
      <symbol id="sm-dc4">
         <name>EUSCIB1_IRQHandler</name>
         <value>0xf36b</value>
      </symbol>
      <symbol id="sm-dc5">
         <name>EUSCIB2_IRQHandler</name>
         <value>0xf36b</value>
      </symbol>
      <symbol id="sm-dc6">
         <name>EUSCIB3_IRQHandler</name>
         <value>0xf36b</value>
      </symbol>
      <symbol id="sm-dc7">
         <name>ADC14_IRQHandler</name>
         <value>0xf36b</value>
      </symbol>
      <symbol id="sm-dc8">
         <name>T32_INT1_IRQHandler</name>
         <value>0x15089</value>
      </symbol>
      <symbol id="sm-dc9">
         <name>T32_INT2_IRQHandler</name>
         <value>0xf36b</value>
      </symbol>
      <symbol id="sm-dca">
         <name>T32_INTC_IRQHandler</name>
         <value>0xf36b</value>
      </symbol>
      <symbol id="sm-dcb">
         <name>AES256_IRQHandler</name>
         <value>0xf36b</value>
      </symbol>
      <symbol id="sm-dcc">
         <name>RTC_C_IRQHandler</name>
         <value>0xf36b</value>
      </symbol>
      <symbol id="sm-dcd">
         <name>DMA_ERR_IRQHandler</name>
         <value>0xf36b</value>
      </symbol>
      <symbol id="sm-dce">
         <name>DMA_INT3_IRQHandler</name>
         <value>0xf36b</value>
      </symbol>
      <symbol id="sm-dcf">
         <name>DMA_INT2_IRQHandler</name>
         <value>0xf36b</value>
      </symbol>
      <symbol id="sm-dd0">
         <name>DMA_INT1_IRQHandler</name>
         <value>0xf36b</value>
      </symbol>
      <symbol id="sm-dd1">
         <name>DMA_INT0_IRQHandler</name>
         <value>0xf36b</value>
      </symbol>
      <symbol id="sm-dd2">
         <name>PORT1_IRQHandler</name>
         <value>0xf36b</value>
      </symbol>
      <symbol id="sm-dd3">
         <name>PORT2_IRQHandler</name>
         <value>0xf36b</value>
      </symbol>
      <symbol id="sm-dd4">
         <name>PORT3_IRQHandler</name>
         <value>0xf36b</value>
      </symbol>
      <symbol id="sm-dd5">
         <name>PORT4_IRQHandler</name>
         <value>0xf36b</value>
      </symbol>
      <symbol id="sm-dd6">
         <name>PORT5_IRQHandler</name>
         <value>0xf36b</value>
      </symbol>
      <symbol id="sm-dd7">
         <name>PORT6_IRQHandler</name>
         <value>0xf36b</value>
      </symbol>
   </symbol_table>
   <title>Link successful</title>
</link_info>
